// Jest Snapshot v1, https://goo.gl/fbAQLP

exports[`tree module calls tree() with private visibility and matches snapshot 1`] = `
{
  "children": [
    {
      "children": [
        {
          "children": [
            {
              "isDefault": false,
              "name": "args",
              "signature": "string[]",
              "type": "const",
              "visibility": "private",
            },
            {
              "isDefault": false,
              "name": "defaultIgnore",
              "signature": "(string | RegExp)[]",
              "type": "const",
              "visibility": "private",
            },
            {
              "children": undefined,
              "name": "printHelp",
              "signature": "(): void",
              "type": "function",
              "visibility": "private",
            },
            {
              "children": undefined,
              "name": "printVersion",
              "signature": "(): void",
              "type": "function",
              "visibility": "private",
            },
            {
              "isDefault": false,
              "name": "pathFilter",
              "signature": "(ignorePatterns: (string | RegExp)[]) => (path: string) => boolean",
              "type": "const",
              "visibility": "public",
            },
            {
              "children": undefined,
              "name": "formatNodeName",
              "signature": "(node: TreeNode): string",
              "type": "function",
              "visibility": "private",
            },
            {
              "children": undefined,
              "name": "formatAsTree",
              "signature": "(node: TreeNode, prefix?: string, isLast?: boolean, isRoot?: boolean): string",
              "type": "function",
              "visibility": "public",
            },
            {
              "children": undefined,
              "name": "formatAsList",
              "signature": "(node: TreeNode, depth?: number): string",
              "type": "function",
              "visibility": "public",
            },
          ],
          "name": "cli.ts",
          "type": "file",
        },
        {
          "children": [
            {
              "isDefault": false,
              "name": "TS_FILE_MATCH",
              "signature": "RegExp",
              "type": "const",
              "visibility": "private",
            },
            {
              "children": undefined,
              "name": "TreeNode",
              "signature": undefined,
              "type": "interface",
              "visibility": "public",
            },
            {
              "children": undefined,
              "name": "readTsConfig",
              "signature": "(rootDir: string): ParsedCommandLine",
              "type": "function",
              "visibility": "private",
            },
            {
              "children": undefined,
              "name": "createProgram",
              "signature": "(rootDir: string): Program",
              "type": "function",
              "visibility": "private",
            },
            {
              "children": undefined,
              "name": "analyzeFile",
              "signature": "(sourceFile: SourceFile, typeChecker: TypeChecker, visibilityLevel: VisibilityLevel): TreeNode[]",
              "type": "function",
              "visibility": "private",
            },
            {
              "children": undefined,
              "name": "traverseDirectory",
              "signature": "(dir: string, program: Program, pathFilter: (path: string) => boolean, visibilityLevel: VisibilityLevel): TreeNode",
              "type": "function",
              "visibility": "private",
            },
            {
              "children": undefined,
              "name": "tree",
              "signature": "(rootDir?: string, pathFilter?: (path: string) => boolean, visibilityLevel?: VisibilityLevel): TreeNode",
              "type": "function",
              "visibility": "public",
            },
          ],
          "name": "index.ts",
          "type": "file",
        },
        {
          "children": [
            {
              "children": [
                {
                  "isDefault": false,
                  "name": "tree",
                  "signature": ""🌳"",
                  "type": "const",
                  "visibility": "private",
                },
                {
                  "children": [
                    {
                      "name": "static foo",
                      "signature": "string",
                      "type": "property",
                      "visibility": "public",
                    },
                    {
                      "name": "bar",
                      "signature": "string[]",
                      "type": "property",
                      "visibility": "public",
                    },
                    {
                      "name": "constructor",
                      "signature": "(baz: number[]): DefaultClass",
                      "type": "method",
                      "visibility": "public",
                    },
                  ],
                  "name": "DefaultClass",
                  "signature": undefined,
                  "type": "class",
                  "visibility": "public",
                },
                {
                  "children": [
                    {
                      "name": "static version",
                      "signature": "number",
                      "type": "property",
                      "visibility": "private",
                    },
                    {
                      "name": "get version",
                      "signature": "(): number",
                      "type": "method",
                      "visibility": "public",
                    },
                    {
                      "name": "constructor",
                      "signature": "(): NamedClass",
                      "type": "method",
                      "visibility": "public",
                    },
                    {
                      "name": "double",
                      "signature": "(): void",
                      "type": "method",
                      "visibility": "public",
                    },
                    {
                      "name": "triple",
                      "signature": "(): void",
                      "type": "method",
                      "visibility": "private",
                    },
                    {
                      "name": "quadruple",
                      "signature": "(): void",
                      "type": "method",
                      "visibility": "protected",
                    },
                    {
                      "name": "octuple",
                      "signature": "(): void",
                      "type": "method",
                      "visibility": "public",
                    },
                  ],
                  "name": "NamedClass",
                  "signature": undefined,
                  "type": "class",
                  "visibility": "public",
                },
                {
                  "isDefault": false,
                  "name": "DefaultClass",
                  "signature": "typeof DefaultClass",
                  "type": "const",
                  "visibility": "public",
                },
              ],
              "name": "class.ts",
              "type": "file",
            },
            {
              "children": [
                {
                  "isDefault": false,
                  "name": "privateString",
                  "signature": "string",
                  "type": "const",
                  "visibility": "private",
                },
                {
                  "isDefault": false,
                  "name": "privateNumber",
                  "signature": "number",
                  "type": "const",
                  "visibility": "private",
                },
                {
                  "isDefault": false,
                  "name": "privateBoolean",
                  "signature": "boolean",
                  "type": "const",
                  "visibility": "private",
                },
                {
                  "isDefault": false,
                  "name": "publicArray",
                  "signature": "string[]",
                  "type": "const",
                  "visibility": "public",
                },
                {
                  "children": undefined,
                  "name": "PublicInterface",
                  "signature": undefined,
                  "type": "interface",
                  "visibility": "public",
                },
                {
                  "isDefault": false,
                  "name": "privateFunction",
                  "signature": "(input: string) => string",
                  "type": "const",
                  "visibility": "private",
                },
                {
                  "isDefault": false,
                  "name": "publicFunction",
                  "signature": "(input: number) => string",
                  "type": "const",
                  "visibility": "public",
                },
              ],
              "name": "consts.ts",
              "type": "file",
            },
            {
              "children": [
                {
                  "isDefault": true,
                  "name": "default",
                  "signature": ""🌳"",
                  "type": "const",
                  "visibility": "public",
                },
              ],
              "name": "default-const.ts",
              "type": "file",
            },
            {
              "children": [
                {
                  "children": undefined,
                  "name": "<anonymous>",
                  "signature": "(a: number, b: number): string",
                  "type": "function",
                  "visibility": "public",
                },
              ],
              "name": "default-function.ts",
              "type": "file",
            },
          ],
          "name": "tests/",
          "type": "directory",
        },
      ],
      "name": "src/",
      "type": "directory",
    },
  ],
  "name": "ts-print-tree/",
  "type": "directory",
}
`;
